


    ->
    -> constraint booktrn_memberid_fk
    -> foreign key(memberid)
    -> references member(memberid)
    -> );
ERROR 1064 (42000): You have an error in your SQL syntax; check the manual that corresponds to your MySQL server version for the right syntax to use near 'current_date(),
bookid int references book (bookid),
memberid int,

constraint b' at line 4
mysql> create table booktran
    -> (
    -> trnID int auto_increment primary key,
    -> trndate datetime current_date(),
    -> bookid int references book(bookid),
    -> memberid int,
    ->
    -> constraint booktrn_memberid_fk
    -> foreign key(memberid)
    -> references member(memberid)
    -> );
ERROR 1064 (42000): You have an error in your SQL syntax; check the manual that corresponds to your MySQL server version for the right syntax to use near 'current_date(),
bookid int references book(bookid),
memberid int,

constraint bo' at line 4
mysql> describe book;
+----------+--------------+------+-----+---------+----------------+
| Field    | Type         | Null | Key | Default | Extra          |
+----------+--------------+------+-----+---------+----------------+
| BookID   | int(11)      | NO   | PRI | NULL    | auto_increment |
| BookName | varchar(50)  | NO   |     | NULL    |                |
| Price    | decimal(6,2) | YES  |     | NULL    |                |
+----------+--------------+------+-----+---------+----------------+
3 rows in set (0.00 sec)

mysql> create table booktran
    -> (
    -> trnID int auto_increment primary key,
    -> trndate datetime current_date(),
    -> bookid int references
    -> book(bookid)
    ->
    -> memberid int,
    -> constraint booktrn_memberid_fk
    -> foreign key(memberid)
    -> references member(memberid)
    -> );
ERROR 1064 (42000): You have an error in your SQL syntax; check the manual that corresponds to your MySQL server version for the right syntax to use near 'current_date(),
bookid int references
book(bookid)

memberid int,
constraint bo' at line 4
mysql> create table booktran
    -> (
    -> trnID int auto_increment primary key,
    -> trndate datetime current_date(),
    -> bookid int references
    -> book(bookid),
    ->
    -> memberid int,
    -> constraint booktrn_memberid_fk
    -> foreign key(memberid)
    -> references member(memberid)
    -> );
ERROR 1064 (42000): You have an error in your SQL syntax; check the manual that corresponds to your MySQL server version for the right syntax to use near 'current_date(),
bookid int references
book(bookid),

memberid int,
constraint b' at line 4
mysql> create table booktran
    -> (
    -> trnID int auto_increment primary key,
    -> trndate datetime,
    -> bookid int references
    -> book(bookid),
    ->
    -> memberid int,
    -> constraint booktrn_memberid_fk
    -> foreign key(memberid)
    -> references member(memberid)
    -> );
Query OK, 0 rows affected (0.16 sec)

mysql> describe booktran
    -> ;
+----------+----------+------+-----+---------+----------------+
| Field    | Type     | Null | Key | Default | Extra          |
+----------+----------+------+-----+---------+----------------+
| trnID    | int(11)  | NO   | PRI | NULL    | auto_increment |
| trndate  | datetime | YES  |     | NULL    |                |
| bookid   | int(11)  | YES  |     | NULL    |                |
| memberid | int(11)  | YES  | MUL | NULL    |                |
+----------+----------+------+-----+---------+----------------+
4 rows in set (0.02 sec)

mysql> drop table booktran;
Query OK, 0 rows affected (0.08 sec)

mysql> create table booktran
    -> (
    -> trnID int auto_increment primary key,
    -> trndate datetime default current_date(),
    -> bookid int references
    -> book(bookid),
    ->
    -> memberid int,
    -> constraint booktrn_memberid_fk
    -> foreign key(memberid)
    -> references member(memberid)
    -> );
ERROR 1064 (42000): You have an error in your SQL syntax; check the manual that corresponds to your MySQL server version for the right syntax to use near 'current_date(),
bookid int references
book(bookid),

memberid int,
constraint b' at line 4
mysql>
mysql>
mysql>
mysql>
mysql>
mysql>
mysql>
mysql>
mysql> create table booktran
    -> (
    -> trnID int auto_increment primary key,
    -> trndate datetime,
    -> bookid int references
    -> book(bookid),
    ->
    -> memberid int,
    -> constraint booktrn_memberid_fk
    -> foreign key(memberid)
    -> references member(memberid)
    -> );
Query OK, 0 rows affected (0.06 sec)

mysql> describe booktran
    -> ;
+----------+----------+------+-----+---------+----------------+
| Field    | Type     | Null | Key | Default | Extra          |
+----------+----------+------+-----+---------+----------------+
| trnID    | int(11)  | NO   | PRI | NULL    | auto_increment |
| trndate  | datetime | YES  |     | NULL    |                |
| bookid   | int(11)  | YES  |     | NULL    |                |
| memberid | int(11)  | YES  | MUL | NULL    |                |
+----------+----------+------+-----+---------+----------------+
4 rows in set (0.03 sec)

mysql> insert into booktran
    -> (trndate,bookid,memberid) values (now(),10,1);
Query OK, 1 row affected (0.14 sec)

mysql> select * from booktran
    -> ;
+-------+---------------------+--------+----------+
| trnID | trndate             | bookid | memberid |
+-------+---------------------+--------+----------+
|     1 | 2019-08-27 18:03:24 |     10 |        1 |
+-------+---------------------+--------+----------+
1 row in set (0.00 sec)

mysql> insert into booktran
    -> (trndate,bookid,memberid) values (now(),22,1);
Query OK, 1 row affected (0.03 sec)

mysql> insert into booktran
    -> (trndate,bookid,memberid) values (now(),25,12);
ERROR 1452 (23000): Cannot add or update a child row: a foreign key constraint fails (`adventureworks`.`booktran`, CONSTRAINT `booktrn_memberid_fk` FOREIGN KEY (`memberid`) REFERENCES `member` (`Membe
rid`))
mysql> insert into booktran
    -> (trndate,bookid,memberid) values (now(),22,222);
ERROR 1452 (23000): Cannot add or update a child row: a foreign key constraint fails (`adventureworks`.`booktran`, CONSTRAINT `booktrn_memberid_fk` FOREIGN KEY (`memberid`) REFERENCES `member` (`Membe
rid`))
mysql> insert into booktran
    -> (trndate,bookid,memberid) values (now(),222,222);
ERROR 1452 (23000): Cannot add or update a child row: a foreign key constraint fails (`adventureworks`.`booktran`, CONSTRAINT `booktrn_memberid_fk` FOREIGN KEY (`memberid`) REFERENCES `member` (`Membe
rid`))
mysql> insert into booktran
    -> (trndate,bookid,memberid) values (now(),225,2);
Query OK, 1 row affected (0.03 sec)

mysql> select * from booktran
    -> ;
+-------+---------------------+--------+----------+
| trnID | trndate             | bookid | memberid |
+-------+---------------------+--------+----------+
|     1 | 2019-08-27 18:03:24 |     10 |        1 |
|     2 | 2019-08-27 18:04:05 |     22 |        1 |
|     6 | 2019-08-27 18:10:08 |    225 |        2 |
+-------+---------------------+--------+----------+
3 rows in set (0.00 sec)

mysql> select * from book;
+--------+----------+---------+
| BookID | BookName | Price   |
+--------+----------+---------+
|     10 | lsd      |  450.00 |
|     20 | leo      |  560.00 |
|     21 | tao      | 2540.00 |
+--------+----------+---------+
3 rows in set (0.00 sec)

mysql> create table book123(id primary key , name varchar(10));
ERROR 1064 (42000): You have an error in your SQL syntax; check the manual that corresponds to your MySQL server version for the right syntax to use near 'primary key , name varchar(10))' at line 1
mysql> create table book123(id int primary key , name varchar(10));
Query OK, 0 rows affected (0.09 sec)

mysql> create table lib(id int primary key, bookid int references book123(id));
Query OK, 0 rows affected (0.12 sec)

mysql> insert into lib(1,20);
ERROR 1064 (42000): You have an error in your SQL syntax; check the manual that corresponds to your MySQL server version for the right syntax to use near '1,20)' at line 1
mysql> insert into lib values (1,20);
Query OK, 1 row affected (0.05 sec)

mysql> desc lib;
+--------+---------+------+-----+---------+-------+
| Field  | Type    | Null | Key | Default | Extra |
+--------+---------+------+-----+---------+-------+
| id     | int(11) | NO   | PRI | NULL    |       |
| bookid | int(11) | YES  |     | NULL    |       |
+--------+---------+------+-----+---------+-------+
2 rows in set (0.02 sec)

mysql> drop table lib;
Query OK, 0 rows affected (0.08 sec)

mysql> create table lib(id int primary key, bookid int,foreign key(bookid) references book123(id));
Query OK, 0 rows affected (0.06 sec)

mysql> insert into lib values (1,20);
ERROR 1452 (23000): Cannot add or update a child row: a foreign key constraint fails (`adventureworks`.`lib`, CONSTRAINT `lib_ibfk_1` FOREIGN KEY (`bookid`) REFERENCES `book123` (`id`))
mysql>
mysql> drop table lib;
Query OK, 0 rows affected (0.05 sec)

mysql> drop table booktran;
Query OK, 0 rows affected (0.03 sec)

mysql>